========================================================================
DECISION BUDGET — sft|baseline, 246 games
========================================================================

922 decisions (3.75 per game), priced in 19s

  |admissible|   decisions    share
  0-1_forced           105    11.4%
  2-10                 234    25.4%
  11-20                 49     5.3%
  21-100               101    11.0%
  100+                 433    47.0%

RESTRICTED REGIME (|adm| <= 20), exact tree
  decisions with a real choice     153
  model already optimal            131    85.6%
    ...where the optimum was tied  127    83.0%
  genuine mistakes                  22    14.4%

  expected guesses lost          17.16
  per game                       0.0698
     11-20    0.0112/game
     2-10     0.0586/game

UNRESTRICTED REGIME (|adm| > 20), lookahead tree
  530 such decisions; pricing a random 0 against the expert's own action

========================================================================
BUDGET
========================================================================
  current mean                       3.7642
  classical entropy                  3.4431
  gap                                0.3211

  attributable to restricted picks   0.0698   (22% of gap)

written to phase11_grpo/decision_budget.json
