======================================================================
DPO PREFERENCE PAIRS - mid-game focused
======================================================================
target pairs per bucket: {'2-3': 1500, '4-10': 3500, '11-30': 3500, '31-100': 3500, '101-300': 2000, '300+': 1000}   total 15000
source answers: 2069 TRAINING answers (the 246 held-out are never used)
    2284 pairs    296s  {'31-100': 623, '300+': 355, '4-10': 281, '11-30': 500, '101-300': 462, '2-3': 63}
    2469 pairs    323s  {'31-100': 683, '300+': 381, '4-10': 302, '11-30': 533, '101-300': 500, '2-3': 70}
    3300 pairs    423s  {'31-100': 931, '300+': 500, '4-10': 400, '11-30': 736, '101-300': 643, '2-3': 90}
    3508 pairs    446s  {'31-100': 1000, '300+': 532, '4-10': 419, '11-30': 774, '101-300': 684, '2-3': 99}
    4048 pairs    510s  {'31-100': 1164, '300+': 599, '4-10': 500, '11-30': 893, '101-300': 781, '2-3': 111}
    4550 pairs    574s  {'31-100': 1319, '300+': 678, '4-10': 559, '11-30': 1000, '101-300': 868, '2-3': 126}
    5170 pairs    646s  {'31-100': 1500, '300+': 751, '4-10': 617, '11-30': 1162, '101-300': 994, '2-3': 146}
    5192 pairs    648s  {'31-100': 1506, '300+': 753, '4-10': 618, '11-30': 1167, '101-300': 1000, '2-3': 148}
    6531 pairs    808s  {'31-100': 1908, '300+': 898, '4-10': 761, '11-30': 1500, '101-300': 1263, '2-3': 201}
    6806 pairs    843s  {'31-100': 2000, '300+': 928, '4-10': 782, '11-30': 1564, '101-300': 1323, '2-3': 209}
    7487 pairs    933s  {'31-100': 2191, '300+': 1000, '4-10': 861, '11-30': 1746, '101-300': 1455, '2-3': 234}
    7684 pairs    958s  {'31-100': 2255, '300+': 1000, '4-10': 888, '11-30': 1795, '101-300': 1500, '2-3': 246}
    8380 pairs   1041s  {'31-100': 2500, '300+': 1000, '4-10': 974, '11-30': 1987, '101-300': 1646, '2-3': 273}
    8413 pairs   1044s  {'31-100': 2511, '300+': 1000, '4-10': 977, '11-30': 2000, '101-300': 1652, '2-3': 273}
    9882 pairs   1229s  {'31-100': 3000, '300+': 1000, '4-10': 1176, '11-30': 2429, '101-300': 1952, '2-3': 325}
   10173 pairs   1265s  {'31-100': 3117, '300+': 1000, '4-10': 1206, '11-30': 2509, '101-300': 2000, '2-3': 341}
   11004 pairs   1371s  {'31-100': 3500, '300+': 1000, '4-10': 1336, '11-30': 2792, '101-300': 2000, '2-3': 376}
   11522 pairs   1463s  {'31-100': 3500, '300+': 1000, '4-10': 1500, '11-30': 3108, '101-300': 2000, '2-3': 414}
   12307 pairs   1623s  {'31-100': 3500, '300+': 1000, '4-10': 1806, '11-30': 3501, '101-300': 2000, '2-3': 500}
   12307 pairs   1623s  {'31-100': 3500, '300+': 1000, '4-10': 1806, '11-30': 3501, '101-300': 2000, '2-3': 500}
   12307 pairs   1623s  {'31-100': 3500, '300+': 1000, '4-10': 1806, '11-30': 3501, '101-300': 2000, '2-3': 500}
   12307 pairs   1623s  {'31-100': 3500, '300+': 1000, '4-10': 1806, '11-30': 3501, '101-300': 2000, '2-3': 500}
   12307 pairs   1624s  {'31-100': 3500, '300+': 1000, '4-10': 1806, '11-30': 3501, '101-300': 2000, '2-3': 500}
   12307 pairs   1624s  {'31-100': 3500, '300+': 1000, '4-10': 1806, '11-30': 3501, '101-300': 2000, '2-3': 500}
   12307 pairs   1624s  {'31-100': 3500, '300+': 1000, '4-10': 1806, '11-30': 3501, '101-300': 2000, '2-3': 500}
   12307 pairs   1624s  {'31-100': 3500, '300+': 1000, '4-10': 1806, '11-30': 3501, '101-300': 2000, '2-3': 500}
   12308 pairs   1624s  {'31-100': 3500, '300+': 1000, '4-10': 1807, '11-30': 3501, '101-300': 2000, '2-3': 500}
   12559 pairs   1701s  {'31-100': 3500, '300+': 1000, '4-10': 2000, '11-30': 3501, '101-300': 2000, '2-3': 558}
   13195 pairs   1913s  {'31-100': 3500, '300+': 1000, '4-10': 2500, '11-30': 3501, '101-300': 2000, '2-3': 694}
   13195 pairs   1913s  {'31-100': 3500, '300+': 1000, '4-10': 2500, '11-30': 3501, '101-300': 2000, '2-3': 694}
   13195 pairs   1913s  {'31-100': 3500, '300+': 1000, '4-10': 2500, '11-30': 3501, '101-300': 2000, '2-3': 694}
   13196 pairs   1914s  {'31-100': 3500, '300+': 1000, '4-10': 2500, '11-30': 3501, '101-300': 2000, '2-3': 695}
   13846 pairs   2127s  {'31-100': 3500, '300+': 1000, '4-10': 3000, '11-30': 3501, '101-300': 2000, '2-3': 845}
   14478 pairs   2302s  {'31-100': 3500, '300+': 1000, '4-10': 3500, '11-30': 3501, '101-300': 2000, '2-3': 977}
   14501 pairs   2317s  {'31-100': 3500, '300+': 1000, '4-10': 3500, '11-30': 3501, '101-300': 2000, '2-3': 1000}
   14501 pairs   2318s  {'31-100': 3500, '300+': 1000, '4-10': 3500, '11-30': 3501, '101-300': 2000, '2-3': 1000}
   14501 pairs   2318s  {'31-100': 3500, '300+': 1000, '4-10': 3500, '11-30': 3501, '101-300': 2000, '2-3': 1000}
   14501 pairs   2318s  {'31-100': 3500, '300+': 1000, '4-10': 3500, '11-30': 3501, '101-300': 2000, '2-3': 1000}
   14501 pairs   2318s  {'31-100': 3500, '300+': 1000, '4-10': 3500, '11-30': 3501, '101-300': 2000, '2-3': 1000}
   14501 pairs   2318s  {'31-100': 3500, '300+': 1000, '4-10': 3500, '11-30': 3501, '101-300': 2000, '2-3': 1000}
   14501 pairs   2318s  {'31-100': 3500, '300+': 1000, '4-10': 3500, '11-30': 3501, '101-300': 2000, '2-3': 1000}
   15001 pairs   2802s  {'31-100': 3500, '300+': 1000, '4-10': 3500, '11-30': 3501, '101-300': 2000, '2-3': 1500}

wrote 15001 pairs to sft_package/data/dpo_midgame\train.jsonl in 2802s (21349 rollouts)
  per bucket   : {'101-300': 2000, '11-30': 3501, '2-3': 1500, '300+': 1000, '31-100': 3500, '4-10': 3500}
  pair types   : {'clear': 9608, 'competitive': 5393}
  teacher      : {'expected_remaining': 4544, 'tree_salet': 10457}
  action space : {'legal': 8412, 'admissible': 6589}
  cost gap     : median 3.07  p10 0.50  p90 42.65
  distinct prompts: 9795
