15000 preference pairs

A. STATE RE-DERIVES FROM ITS OWN PROMPT
B. COST ORDERING RECOMPUTED INDEPENDENTLY
  [PASS] history parses (2500 sampled)  0 bad
  [PASS] re-derived |candidates| matches meta  0 bad
  [PASS] re-derived |admissible| matches meta  0 bad
  [PASS] cost(chosen) < cost(rejected) on all 2500 checked  0 BACKWARDS []

C. PAIR VALIDITY
  [PASS] chosen != rejected
  [PASS] both words are legal guesses  0 illegal
  [PASS] both words are 5 letters

D. ACTION SPACE MATCHES THE DEPLOYED DECODER
  [FAIL] when |admissible| <= 20 BOTH words are admissible  13 violations
      action_space: {'legal': 8479, 'admissible': 6521}

E. PROMPT HYGIENE
  [PASS] no candidate/admissible/score wording in prompts  []
  [PASS] prompts end with 'Next guess:'
  [PASS] no meta field names appear in any prompt

F. SPLIT INTEGRITY
  [PASS] no held-out answer is a 1-candidate target  0: []
  [PASS] all rows split=train

G. DISTRIBUTIONS
      bucket       {'101-300': 2000, '11-30': 3500, '2-3': 1500, '300+': 1000, '31-100': 3500, '4-10': 3500}
      pair_type    {'clear': 9556, 'competitive': 5444}
      teacher      {'expected_remaining': 5280, 'tree_salet': 9720}
      action_space {'admissible': 6521, 'legal': 8479}
      turns        {2: 3486, 3: 5272, 4: 3737, 5: 1816, 6: 689}
      cost gap     median 3.00  p10 0.50  p90 42.65
      competitive  median 0.50  (these are the hard, informative pairs)
      distinct prompts 9906

FAILED: ['when |admissible| <= 20 BOTH words are admissible']
