14923 preference pairs

A. STATE RE-DERIVES FROM ITS OWN PROMPT
B. COST ORDERING RECOMPUTED INDEPENDENTLY
  [PASS] history parses (2500 sampled)  0 bad
  [PASS] re-derived |candidates| matches meta  0 bad
  [PASS] re-derived |admissible| matches meta  0 bad
  [PASS] cost(chosen) < cost(rejected) on all 2500 checked  0 BACKWARDS []

C. PAIR VALIDITY
  [PASS] chosen != rejected
  [PASS] both words are legal guesses  0 illegal
  [PASS] both words are 5 letters

D. ACTION SPACE MATCHES THE DEPLOYED DECODER
  [PASS] |admissible| <= 20: BOTH words admissible (all 6444 restricted rows)  0 violations (chosen 0, rejected 0)
      action_space: {'legal': 8479, 'admissible': 6444}

E. PROMPT HYGIENE
  [PASS] no candidate/admissible/score wording in prompts  []
  [PASS] prompts end with 'Next guess:'
  [PASS] no meta field names appear in any prompt

F. SPLIT INTEGRITY
  [PASS] no held-out answer is a 1-candidate target  0: []
  [PASS] all rows split=train

G. DISTRIBUTIONS
      bucket       {'101-300': 2000, '11-30': 3424, '2-3': 1500, '300+': 1000, '31-100': 3500, '4-10': 3499}
      pair_type    {'clear': 9556, 'competitive': 5367}
      teacher      {'expected_remaining': 5277, 'tree_salet': 9646}
      action_space {'admissible': 6444, 'legal': 8479}
      turns        {2: 3486, 3: 5233, 4: 3706, 5: 1809, 6: 689}
      cost gap     median 3.07  p10 0.50  p90 42.99
      competitive  median 0.50  (these are the hard, informative pairs)
      distinct prompts 9893

ALL CHECKS PASSED
