======================================================================
DPO PREFERENCE PAIRS - mid-game focused
======================================================================
target pairs per bucket: {'2-3': 1500, '4-10': 3500, '11-30': 3500, '31-100': 3500, '101-300': 2000, '300+': 1000}   total 15000
source answers: 2069 TRAINING answers (the 246 held-out are never used)
    2374 pairs    424s  {'31-100': 665, '300+': 376, '4-10': 277, '11-30': 500, '101-300': 488, '2-3': 68}
    2374 pairs    424s  {'31-100': 665, '300+': 376, '4-10': 277, '11-30': 500, '101-300': 488, '2-3': 68}
    2379 pairs    425s  {'31-100': 667, '300+': 377, '4-10': 277, '11-30': 500, '101-300': 489, '2-3': 69}
    2381 pairs    426s  {'31-100': 668, '300+': 377, '4-10': 277, '11-30': 500, '101-300': 490, '2-3': 69}
    2381 pairs    426s  {'31-100': 668, '300+': 377, '4-10': 277, '11-30': 500, '101-300': 490, '2-3': 69}
    2421 pairs    432s  {'31-100': 683, '300+': 381, '4-10': 279, '11-30': 508, '101-300': 500, '2-3': 70}
    3234 pairs    579s  {'31-100': 931, '300+': 500, '4-10': 366, '11-30': 704, '101-300': 643, '2-3': 90}
    3440 pairs    609s  {'31-100': 1000, '300+': 532, '4-10': 384, '11-30': 741, '101-300': 684, '2-3': 99}
    4366 pairs    764s  {'31-100': 1293, '300+': 661, '4-10': 500, '11-30': 936, '101-300': 852, '2-3': 124}
    4376 pairs    765s  {'31-100': 1296, '300+': 663, '4-10': 500, '11-30': 939, '101-300': 853, '2-3': 125}
    4376 pairs    765s  {'31-100': 1296, '300+': 663, '4-10': 500, '11-30': 939, '101-300': 853, '2-3': 125}
    4376 pairs    765s  {'31-100': 1296, '300+': 663, '4-10': 500, '11-30': 939, '101-300': 853, '2-3': 125}
    4591 pairs    793s  {'31-100': 1357, '300+': 691, '4-10': 523, '11-30': 1000, '101-300': 890, '2-3': 130}
    4591 pairs    793s  {'31-100': 1357, '300+': 691, '4-10': 523, '11-30': 1000, '101-300': 890, '2-3': 130}
    5068 pairs    853s  {'31-100': 1500, '300+': 751, '4-10': 562, '11-30': 1115, '101-300': 994, '2-3': 146}
    5090 pairs    856s  {'31-100': 1506, '300+': 753, '4-10': 563, '11-30': 1120, '101-300': 1000, '2-3': 148}
    6640 pairs   1036s  {'31-100': 1983, '300+': 920, '4-10': 714, '11-30': 1500, '101-300': 1315, '2-3': 208}
    6687 pairs   1042s  {'31-100': 2000, '300+': 928, '4-10': 716, '11-30': 1511, '101-300': 1323, '2-3': 209}
    7355 pairs   1120s  {'31-100': 2191, '300+': 1000, '4-10': 784, '11-30': 1691, '101-300': 1455, '2-3': 234}
    7547 pairs   1139s  {'31-100': 2255, '300+': 1000, '4-10': 810, '11-30': 1736, '101-300': 1500, '2-3': 246}
    8231 pairs   1217s  {'31-100': 2500, '300+': 1000, '4-10': 889, '11-30': 1923, '101-300': 1646, '2-3': 273}
    9109 pairs   1318s  {'31-100': 2796, '300+': 1000, '4-10': 1000, '11-30': 2185, '101-300': 1831, '2-3': 297}
    9115 pairs   1318s  {'31-100': 2798, '300+': 1000, '4-10': 1000, '11-30': 2186, '101-300': 1833, '2-3': 298}
    9697 pairs   1388s  {'31-100': 3000, '300+': 1000, '4-10': 1071, '11-30': 2349, '101-300': 1952, '2-3': 325}
    9982 pairs   1425s  {'31-100': 3117, '300+': 1000, '4-10': 1101, '11-30': 2423, '101-300': 2000, '2-3': 341}
   10217 pairs   1459s  {'31-100': 3237, '300+': 1000, '4-10': 1128, '11-30': 2500, '101-300': 2000, '2-3': 352}
   10783 pairs   1527s  {'31-100': 3500, '300+': 1000, '4-10': 1214, '11-30': 2693, '101-300': 2000, '2-3': 376}
   11755 pairs   1672s  {'31-100': 3500, '300+': 1000, '4-10': 1500, '11-30': 3289, '101-300': 2000, '2-3': 466}
   11764 pairs   1673s  {'31-100': 3500, '300+': 1000, '4-10': 1500, '11-30': 3296, '101-300': 2000, '2-3': 468}
   11764 pairs   1673s  {'31-100': 3500, '300+': 1000, '4-10': 1500, '11-30': 3296, '101-300': 2000, '2-3': 468}
   11766 pairs   1673s  {'31-100': 3500, '300+': 1000, '4-10': 1500, '11-30': 3298, '101-300': 2000, '2-3': 468}
   11769 pairs   1673s  {'31-100': 3500, '300+': 1000, '4-10': 1500, '11-30': 3300, '101-300': 2000, '2-3': 469}
   11771 pairs   1674s  {'31-100': 3500, '300+': 1000, '4-10': 1500, '11-30': 3302, '101-300': 2000, '2-3': 469}
   11771 pairs   1674s  {'31-100': 3500, '300+': 1000, '4-10': 1500, '11-30': 3302, '101-300': 2000, '2-3': 469}
   11771 pairs   1674s  {'31-100': 3500, '300+': 1000, '4-10': 1500, '11-30': 3302, '101-300': 2000, '2-3': 469}
   11771 pairs   1674s  {'31-100': 3500, '300+': 1000, '4-10': 1500, '11-30': 3302, '101-300': 2000, '2-3': 469}
   11771 pairs   1674s  {'31-100': 3500, '300+': 1000, '4-10': 1500, '11-30': 3302, '101-300': 2000, '2-3': 469}
   12116 pairs   1721s  {'31-100': 3500, '300+': 1000, '4-10': 1623, '11-30': 3493, '101-300': 2000, '2-3': 500}
   12118 pairs   1721s  {'31-100': 3500, '300+': 1000, '4-10': 1624, '11-30': 3494, '101-300': 2000, '2-3': 500}
   12118 pairs   1722s  {'31-100': 3500, '300+': 1000, '4-10': 1624, '11-30': 3494, '101-300': 2000, '2-3': 500}
   12129 pairs   1723s  {'31-100': 3500, '300+': 1000, '4-10': 1627, '11-30': 3500, '101-300': 2000, '2-3': 502}
   12624 pairs   1846s  {'31-100': 3500, '300+': 1000, '4-10': 2000, '11-30': 3500, '101-300': 2000, '2-3': 624}
   13289 pairs   2017s  {'31-100': 3500, '300+': 1000, '4-10': 2500, '11-30': 3500, '101-300': 2000, '2-3': 789}
   13289 pairs   2017s  {'31-100': 3500, '300+': 1000, '4-10': 2500, '11-30': 3500, '101-300': 2000, '2-3': 789}
   13289 pairs   2017s  {'31-100': 3500, '300+': 1000, '4-10': 2500, '11-30': 3500, '101-300': 2000, '2-3': 789}
   13941 pairs   2186s  {'31-100': 3500, '300+': 1000, '4-10': 3000, '11-30': 3500, '101-300': 2000, '2-3': 941}
   14227 pairs   2259s  {'31-100': 3500, '300+': 1000, '4-10': 3227, '11-30': 3500, '101-300': 2000, '2-3': 1000}
   14227 pairs   2259s  {'31-100': 3500, '300+': 1000, '4-10': 3227, '11-30': 3500, '101-300': 2000, '2-3': 1000}
   14227 pairs   2259s  {'31-100': 3500, '300+': 1000, '4-10': 3227, '11-30': 3500, '101-300': 2000, '2-3': 1000}
   14581 pairs   2344s  {'31-100': 3500, '300+': 1000, '4-10': 3500, '11-30': 3500, '101-300': 2000, '2-3': 1081}
   15000 pairs   2698s  {'31-100': 3500, '300+': 1000, '4-10': 3500, '11-30': 3500, '101-300': 2000, '2-3': 1500}

wrote 15000 pairs to sft_package/data/dpo_midgame\train.jsonl in 2699s (21204 rollouts)
  per bucket   : {'101-300': 2000, '11-30': 3500, '2-3': 1500, '300+': 1000, '31-100': 3500, '4-10': 3500}
  pair types   : {'clear': 9556, 'competitive': 5444}
  teacher      : {'expected_remaining': 5280, 'tree_salet': 9720}
  action space : {'legal': 8479, 'admissible': 6521}
  cost gap     : median 3.00  p10 0.50  p90 42.65
  distinct prompts: 9906
