========================================================================
PHASE-8 v3 DPO DATA — exact adaptive-decoder values, competitive pairs
========================================================================
seed=20260821  adaptive_threshold=20  failure_cost=7
source answers: train=2069 val=246
quotas: train={'2-10': 4500, '11-100': 1100, '100+': 400}  val={'2-10': 600, '11-100': 150, '100+': 50}
competitive_frac=0.75  block_holdout_actions=True  strict_candidate_partition=False

-- train --
    train:    2000 rollouts    991 rows  {'100+': 96, '11-100': 496, '2-10': 399}  114s
    train:    4000 rollouts   1720 rows  {'100+': 156, '11-100': 835, '2-10': 729}  172s
    train:    6000 rollouts   2350 rows  {'100+': 200, '11-100': 1100, '2-10': 1050}  224s
    train:    8000 rollouts   2805 rows  {'100+': 251, '11-100': 1100, '2-10': 1454}  247s
    train:   10000 rollouts   3298 rows  {'100+': 311, '11-100': 1100, '2-10': 1887}  272s
    train:   12000 rollouts   3681 rows  {'100+': 365, '11-100': 1100, '2-10': 2216}  295s
    train:   14000 rollouts   4094 rows  {'100+': 400, '11-100': 1100, '2-10': 2594}  318s
    train:   16000 rollouts   4459 rows  {'100+': 400, '11-100': 1100, '2-10': 2959}  338s
    train:   18000 rollouts   4771 rows  {'100+': 400, '11-100': 1100, '2-10': 3271}  356s
    train:   20000 rollouts   5095 rows  {'100+': 400, '11-100': 1100, '2-10': 3595}  373s
    train:   22000 rollouts   5394 rows  {'100+': 400, '11-100': 1100, '2-10': 3894}  389s
    train:   24000 rollouts   5716 rows  {'100+': 400, '11-100': 1100, '2-10': 4216}  406s

-- validation --
    validation:    2000 rollouts    566 rows  {'100+': 50, '11-100': 150, '2-10': 366}  35s

wrote train=6000 validation=800 -> sft_package/data/dpo_v3 in 464s
  train       buckets={'100+': 400, '11-100': 1100, '2-10': 4500} types={'competitive': 4483, 'contrastive': 1517}
              relative gap median=0.3333 p90=1.0  tied-optimum states=0.894
                full_legal_pool_one_ply_expe competitive  n=  665 median=  0.2222 max=   1.0654 [expected_remaining_candidates]
                full_legal_pool_one_ply_expe contrastive  n=  392 median=  0.8571 max=   5.7358 [expected_remaining_candidates]
                exact_adaptive_decoder_tree  competitive  n= 3818 median=  0.5000 max=   5.0000 [mean_further_guesses]
                exact_adaptive_decoder_tree  contrastive  n= 1125 median=  1.0000 max=   2.5000 [mean_further_guesses]
  validation  buckets={'100+': 50, '11-100': 150, '2-10': 600} types={'competitive': 598, 'contrastive': 202}
              relative gap median=0.3333 p90=1.0  tied-optimum states=0.9087
                exact_adaptive_decoder_tree  competitive  n=  509 median=  0.5000 max=   4.0000 [mean_further_guesses]
                exact_adaptive_decoder_tree  contrastive  n=  151 median=  1.0000 max=   2.5000 [mean_further_guesses]
                full_legal_pool_one_ply_expe competitive  n=   89 median=  0.2222 max=   0.8229 [expected_remaining_candidates]
                full_legal_pool_one_ply_expe contrastive  n=   51 median=  0.6667 max=   2.2326 [expected_remaining_candidates]
  train rejections: {'duplicate_state': 17619, 'degenerate_state': 8668, 'all_actions_optimal': 2214, 'action_is_holdout_answer': 989, 'answer_cap': 402}
