train 6000   validation 800   held-out answers 246

1. PROMPT HYGIENE AND STATE RE-DERIVATION
  [PASS] no candidate / admissible / score wording in prompts  []
  [PASS] prompts end with 'Next guess:'
  [PASS] only prompt/chosen/rejected/id/meta at top level
  [PASS] every prompt has a parseable history  0 unparseable

2. TRAIN / VALIDATION DISJOINTNESS
  [PASS] no shared state between train and validation  0 shared
  [PASS] no shared id

3. DUPLICATION (v1 had 1,867 duplicate ids and 177 rows on one state)
  [PASS] train: no duplicate ids  0 duplicates
  [PASS] train: at most one row per state  max 1 rows from one state
  [PASS] validation: no duplicate ids  0 duplicates
  [PASS] validation: at most one row per state  max 1 rows from one state

4. ACTION SPACE MATCHES THE DEPLOYED DECODER
  [PASS] |admissible| <= 20: both words admissible (all 5603 restricted rows)  0 violations

5. PAIR VALIDITY
  [PASS] chosen != rejected
  [PASS] both words legal  0 illegal
  [PASS] both words 5 uppercase letters

6. CONSISTENCY SHORTCUT  (v1 leaked +44.5 pts here)
      unrestricted rows 1197: chosen consistent 13.1%  rejected consistent 12.6%
  [PASS] consistency asymmetry under 10 pts  +0.5 pts

7. HELD-OUT ANSWERS AS THE PREFERRED ACTION  (v1 had 694)
  [PASS] train: no held-out answer is the chosen action  0 rows
      validation: 387 rows name a held-out answer (expected — validation is built from them)

8. SHAPE
      train       buckets {'100+': 400, '11-100': 1100, '2-10': 4500}
                  types   {'competitive': 4483, 'contrastive': 1517}
      validation  buckets {'100+': 50, '11-100': 150, '2-10': 600}
                  types   {'competitive': 598, 'contrastive': 202}

============================================================
INDEPENDENT VERDICT: PASS
